// Jest Snapshot v1, https://goo.gl/fbAQLP

exports[`renders correctly 1`] = `
<div
  className="col-6"
>
  <div
    className="display-4"
  >
    a
  </div>
  <div
    className="row"
  >
    <div
      className="col-6"
    >
      <img
        alt="icon"
        src="a"
        width="200px"
      />
    </div>
    <div
      className="col-6 display-2"
    >
      5 C
    </div>
  </div>
</div>
`;
